
> raptor-port@0.0.0 perf
> node probes/perf-port.cjs

   trial 1/3  oneEdit 119.5/178.4 · noop 38.1/73 · board 194.3/280.6 · noopB 51/95   (ref/port ms)
   trial 2/3  oneEdit 119.5/179 · noop 39.2/72.9 · board 193.8/266 · noopB 52.9/92.5   (ref/port ms)
   trial 3/3  oneEdit 122.7/175.4 · noop 38.9/72.5 · board 193.4/277.3 · noopB 50.7/91.7   (ref/port ms)

   4x phone, painted cost    reference     port   ratio  per node  (median of 3 trials)
   oneEdit                     119.5ms  175.4ms  1.49×    1.21×   [1.43 1.49 1.50]
   noop                         38.1ms   72.5ms  1.86×    1.52×   [1.86 1.86 1.92]
   board                       193.4ms    266ms  1.43×    0.55×   [1.37 1.43 1.44]
   noopB                        50.7ms   91.7ms  1.81×    0.70×   [1.75 1.81 1.86]
   week DOM                     4173n   5131n  1.23× the nodes, 1.32× the markup
   board DOM                     393n   1018n  2.59× the nodes, 3.07× the markup
 ok   perf · the week stays under its recorded DOM ceiling (5450) want yes · got yes
 ok   perf · the board stays under its recorded DOM ceiling (1150) want yes · got yes
 ok   B · a day-1 edit rewrites only day 1, the day its crew rest traces to, and the days of the edited man's run trace want held · got held
   scrollLeft across an edit: 400 → 400
 ok   D · the week does not jump back to Monday on an edit       want held · got held
   a field open while another panel changes: no field (informational — matches the reference)

4 passed · 0 failed
perf-port done
