[WebServer] (node:15752) Warning: The 'NO_COLOR' env is ignored due to the 'FORCE_COLOR' env being set.
[WebServer] (Use `node --trace-warnings ...` to show where the warning was created)

[WebServer] (!) Your Vite config uses features that are unsupported by `configLoader: 'native'`, which is planned to become the default in a future major version of Vite:
[WebServer]   - ESM syntax in a file loaded as CommonJS (vite.config.ts:2:1). Use a `.mjs` extension or set `"type": "module"` in the closest package.json
[WebServer] Set `VITE_CONFIG_NATIVE_IGNORE_WARNING=true` to suppress this warning.

[WebServer] [INEFFECTIVE_DYNAMIC_IMPORT] src/ui/pan.ts is dynamically imported by src/probe-bridge.ts but also statically imported by src/ui/EditWeek.tsx, src/ui/GuestApp.tsx, src/ui/Shell.tsx, src/ui/ViewWeek.tsx, src/ui/highlights.ts, ..., dynamic import will not move module into another chunk.
[WebServer] 

[WebServer] [plugin builtin:vite-reporter] 
[WebServer] (!) Some chunks are larger than 500 kB after minification. Consider:
[WebServer] - Using dynamic import() to code-split the application
[WebServer] - Use build.rolldownOptions.output.codeSplitting to improve chunking: https://rolldown.rs/reference/OutputOptions.codeSplitting
[WebServer] - Adjust chunk size limit for this warning via build.chunkSizeWarningLimit.
[WebServer] [INEFFECTIVE_DYNAMIC_IMPORT] src/ui/drag.ts is dynamically imported by src/probe-bridge.ts but also statically imported by src/ui/Shell.tsx, src/ui/board.ts, dynamic import will not move module into another chunk.
[WebServer] 
[WebServer] [INEFFECTIVE_DYNAMIC_IMPORT] src/ui/board-html.ts is dynamically imported by src/probe-bridge.ts but also statically imported by src/ui/board.ts, dynamic import will not move module into another chunk.
[WebServer] 

[WebServer] [INEFFECTIVE_DYNAMIC_IMPORT] src/ui/board.ts is dynamically imported by src/probe-bridge.ts but also statically imported by src/state/undo-wire.ts, src/ui/DraftsModal.tsx, src/ui/SchedBoard.tsx, src/ui/WeekCal.tsx, src/ui/interactions.ts, dynamic import will not move module into another chunk.
[WebServer] 


[WebServer] [INEFFECTIVE_DYNAMIC_IMPORT] src/ui/palette-html.ts is dynamically imported by src/probe-bridge.ts but also statically imported by src/ui/EditWeek.tsx, src/ui/SchedBoard.tsx, dynamic import will not move module into another chunk.
[WebServer] 
[WebServer] (node:37072) Warning: The 'NO_COLOR' env is ignored due to the 'FORCE_COLOR' env being set.
[WebServer] (Use `node --trace-warnings ...` to show where the warning was created)

[WebServer] (node:49580) Warning: The 'NO_COLOR' env is ignored due to the 'FORCE_COLOR' env being set.
[WebServer] (Use `node --trace-warnings ...` to show where the warning was created)

[WebServer] (!) Your Vite config uses features that are unsupported by `configLoader: 'native'`, which is planned to become the default in a future major version of Vite:
[WebServer]   - ESM syntax in a file loaded as CommonJS (vite.config.ts:2:1). Use a `.mjs` extension or set `"type": "module"` in the closest package.json
[WebServer] Set `VITE_CONFIG_NATIVE_IGNORE_WARNING=true` to suppress this warning.


Running 576 tests using 8 workers

(node:19900) Warning: The 'NO_COLOR' env is ignored due to the 'FORCE_COLOR' env being set.
(Use `node --trace-warnings ...` to show where the warning was created)


(node:34168) Warning: The 'NO_COLOR' env is ignored due to the 'FORCE_COLOR' env being set.
(Use `node --trace-warnings ...` to show where the warning was created)


(node:25936) Warning: The 'NO_COLOR' env is ignored due to the 'FORCE_COLOR' env being set.
(Use `node --trace-warnings ...` to show where the warning was created)


(node:39384) Warning: The 'NO_COLOR' env is ignored due to the 'FORCE_COLOR' env being set.
(Use `node --trace-warnings ...` to show where the warning was created)


[1/576] [raptor] › e2e\availwin.spec.ts:61:7 › desktop: the window opened from the board is painted OVER the board, and closes
[2/576] [raptor] › e2e\amendbatch.spec.ts:48:7 › desktop: a changed puck wears its ALn tag and its edge is untouched — week and board (D92, D93, AM19)
(node:43192) Warning: The 'NO_COLOR' env is ignored due to the 'FORCE_COLOR' env being set.
(Use `node --trace-warnings ...` to show where the warning was created)


[3/576] [raptor] › e2e\amendbatch.spec.ts:48:7 › phone: a changed puck wears its ALn tag and its edge is untouched — week and board (D92, D93, AM19)
(node:7996) Warning: The 'NO_COLOR' env is ignored due to the 'FORCE_COLOR' env being set.
(Use `node --trace-warnings ...` to show where the warning was created)


(node:49852) Warning: The 'NO_COLOR' env is ignored due to the 'FORCE_COLOR' env being set.
(Use `node --trace-warnings ...` to show where the warning was created)


[4/576] [raptor] › e2e\availwin.spec.ts:61:7 › phone: the window opened from the board is painted OVER the board, and closes
[5/576] [raptor] › e2e\availwin.spec.ts:132:5 › phone: the window opens as the full-width bottom panel of the approved design (S8)
(node:38972) Warning: The 'NO_COLOR' env is ignored due to the 'FORCE_COLOR' env being set.
(Use `node --trace-warnings ...` to show where the warning was created)


[6/576] [raptor] › e2e\availwin.spec.ts:156:5 › desktop: a window dragged, closed and opened again comes back to its corner (S11)
[7/576] [raptor] › e2e\availwin.spec.ts:89:5 › the window sits above the board and below every dialog layer
[8/576] [raptor] › e2e\availwin.spec.ts:143:5 › desktop: the window opens skinny in the top-right corner, 212 wide (D40)
[9/576] [raptor] › e2e\availwin.spec.ts:177:5 › desktop: a window dragged to the right edge stays reachable when the browser narrows (S15)
[10/576] [raptor] › e2e\availwin.spec.ts:213:5 › a window dragged on a desktop becomes the phone panel on a phone, and gets its place back after
[11/576] [raptor] › e2e\availwin.spec.ts:231:5 › phone: a panel dragged down follows a new phone width, bar still reachable
[12/576] [raptor] › e2e\availwin.spec.ts:248:5 › desktop: a tap on the bar does not pin the window — widening the browser keeps it in its corner
[13/576] [raptor] › e2e\availwin.spec.ts:259:5 › desktop: tapping a second chip while the window is open keeps it where he dragged it
[14/576] [raptor] › e2e\availwin.spec.ts:315:9 › desktop 1440×900: the ALL AVAIL window opens clear of the board's preview bar, and follows it
[15/576] [raptor] › e2e\availwin.spec.ts:315:9 › desktop 1440×900: the changes window opens clear of the board's preview bar, and follows it
[16/576] [raptor] › e2e\availwin.spec.ts:315:9 › desktop 1440×700: the ALL AVAIL window opens clear of the board's preview bar, and follows it
[17/576] [raptor] › e2e\availwin.spec.ts:315:9 › desktop 1440×700: the changes window opens clear of the board's preview bar, and follows it
[18/576] [raptor] › e2e\availwin.spec.ts:350:5 › desktop: a window he dragged is NOT moved when a preview starts under it
[19/576] [raptor] › e2e\availwin.spec.ts:362:5 › phone: the window stays the bottom panel over a preview (the bar is at the top of the board)
[20/576] [raptor] › e2e\availwin.spec.ts:382:7 › phone, by finger › a finger tap on the count opens the window on the edit week — and arms nothing
[21/576] [raptor] › e2e\changeswin.spec.ts:61:9 › the changes window — desktop › another person's changes: the day reads "N new", the OG tag is painted on the changed pucks, the window floats above the week
[22/576] [raptor] › e2e\changeswin.spec.ts:110:9 › the changes window — desktop › the window floats above the scheduler board too
[23/576] [raptor] › e2e\changeswin.spec.ts:61:9 › the changes window — phone › another person's changes: the day reads "N new", the OG tag is painted on the changed pucks, the window floats above the week
[24/576] [raptor] › e2e\changeswin.spec.ts:110:9 › the changes window — phone › the window floats above the scheduler board too
[25/576] [raptor] › e2e\changeswin.spec.ts:124:7 › two windows — the one pressed last is in front (Astra DP-10) › the ALL AVAIL window and the changes window trade places on a press, and neither climbs over a modal
[26/576] [raptor] › e2e\changeswin.spec.ts:162:9 › History on — the gold dots — desktop › every changed detail wears a gold dot while History is on — a seat outside its corner, a typed detail inside it — and none once it is off
[27/576] [raptor] › e2e\changeswin.spec.ts:185:9 › History on — the gold dots — desktop › an amended detail on a published day wears its AL tag AND the dot — neither hides the other
[28/576] [raptor] › e2e\changeswin.spec.ts:162:9 › History on — the gold dots — phone › every changed detail wears a gold dot while History is on — a seat outside its corner, a typed detail inside it — and none once it is off
[29/576] [raptor] › e2e\changeswin.spec.ts:185:9 › History on — the gold dots — phone › an amended detail on a published day wears its AL tag AND the dot — neither hides the other
[30/576] [raptor] › e2e\changeswin.spec.ts:211:7 › History on a phone — Hide, the bar, Show (D339, D344, D345) › Hide sends the panel to the bar at the bottom; the dotted detail is in view and a tap raises its bubble; Show brings it back; ✕ turns History off
[31/576] [raptor] › e2e\changeswin.spec.ts:240:9 › History on a phone — Hide, the bar, Show (D339, D344, D345) › the hidden bar stays reachable over the ALL AVAIL window — ALL AVAIL first (Astra 07)
[32/576] [raptor] › e2e\changeswin.spec.ts:240:9 › History on a phone — Hide, the bar, Show (D339, D344, D345) › the hidden bar stays reachable over the ALL AVAIL window — History first (Astra 07)
[33/576] [raptor] › e2e\changeswin.spec.ts:260:7 › Group by Item — the window as the mock-up draws it (D340, D345) › Item first and on; one change is one line; two changes to one formation are a header and two lines, the seat named
[34/576] [raptor] › e2e\geometry.spec.ts:30:9 › Rally previous-day Board header fits constrained content widths › date cue and every control remain readable and reachable on desktop
[35/576] [raptor] › e2e\geometry.spec.ts:30:9 › Rally previous-day Board header fits constrained content widths › date cue and every control remain readable and reachable on phone
[36/576] [raptor] › e2e\geometry.spec.ts:30:9 › Rally previous-day Board header fits constrained content widths › date cue and every control remain readable and reachable on landscape
[37/576] [raptor] › e2e\geometry.spec.ts:30:9 › Rally previous-day Board header fits constrained content widths › date cue and every control remain readable and reachable on tablet
[38/576] [raptor] › e2e\geometry.spec.ts:70:9 › the puck is one fixed size everywhere › 74x15 on phone, on both week surfaces and in the palette
[39/576] [raptor] › e2e\geometry.spec.ts:95:9 › the puck is one fixed size everywhere › the ARMED palette's struck entries keep the puck 74x15 on phone
[40/576] [raptor] › e2e\geometry.spec.ts:70:9 › the puck is one fixed size everywhere › 74x15 on desktop, on both week surfaces and in the palette
[41/576] [raptor] › e2e\geometry.spec.ts:95:9 › the puck is one fixed size everywhere › the ARMED palette's struck entries keep the puck 74x15 on desktop
[42/576] [raptor] › e2e\geometry.spec.ts:124:9 › the puck is one fixed size everywhere › the SANS Availability palette section holds its geometry on phone
[43/576] [raptor] › e2e\geometry.spec.ts:218:9 › the puck is one fixed size everywhere › the SANS Availability card grid holds its geometry on phone
[44/576] [raptor] › e2e\geometry.spec.ts:124:9 › the puck is one fixed size everywhere › the SANS Availability palette section holds its geometry on desktop
[45/576] [raptor] › e2e\geometry.spec.ts:218:9 › the puck is one fixed size everywhere › the SANS Availability card grid holds its geometry on desktop
[46/576] [raptor] › e2e\geometry.spec.ts:259:7 › the puck is one fixed size everywhere › the seat column of the form grid is derived from --puck-w
[47/576] [raptor] › e2e\geometry.spec.ts:275:9 › free text wraps instead of overflowing › no free-text cell spills its box on phone
[48/576] [raptor] › e2e\geometry.spec.ts:275:9 › free text wraps instead of overflowing › no free-text cell spills its box on desktop
[49/576] [raptor] › e2e\geometry.spec.ts:292:7 › free text wraps instead of overflowing › and it wraps because of the two rules that make it wrap
[50/576] [raptor] › e2e\geometry.spec.ts:307:7 › free text wraps instead of overflowing › a whole week of jammed free text still gains no sideways swipe
[51/576] [raptor] › e2e\geometry.spec.ts:337:7 › the week pans by whole day boxes › one arrow click = one day box, and the proxy scrollbar maps 1:1
[52/576] [raptor] › e2e\geometry.spec.ts:372:7 › the week pans by whole day boxes › an edit does not throw the week back to Monday
[53/576] [raptor] › e2e\geometry.spec.ts:385:5 › a hole in a programme row renders no element at all
[54/576] [raptor] › e2e\geometry.spec.ts:430:5 › the board's duty rows keep a readable ITEM column on a phone
[55/576] [raptor] › e2e\geometry.spec.ts:472:5 › phone: the remarks box shares the pucks row, to their right, with no + reveal
[56/576] [raptor] › e2e\geometry.spec.ts:500:5 › desktop: every remarks box stays put, empty or not, with no reveal button anywhere
[57/576] [raptor] › e2e\geometry.spec.ts:525:5 › a callsign too long for its puck fades instead of being clipped clean
[58/576] [raptor] › e2e\geometry.spec.ts:562:9 › a flying line's callsign shows six letters whole › on phone, on both weeks
[59/576] [raptor] › e2e\geometry.spec.ts:562:9 › a flying line's callsign shows six letters whole › on desktop, on both weeks
[60/576] [raptor] › e2e\geometry.spec.ts:608:9 › a changed time's AL tag sits under the time › on phone, in the flying line and the list rows, on both weeks
[61/576] [raptor] › e2e\geometry.spec.ts:608:9 › a changed time's AL tag sits under the time › on desktop, in the flying line and the list rows, on both weeks
[62/576] [raptor] › e2e\geometry.spec.ts:639:5 › the read-only input window draws its locked fields as values, not boxes
[63/576] [raptor] › e2e\geometry.spec.ts:696:5 › desktop: the scheduler-board chrome is tight — compact buttons on one action row, clean tabs
[64/576] [raptor] › e2e\geometry.spec.ts:755:5 › desktop: the edit-scheduler aircrew column hides to the right and the week reclaims the width
[65/576] [raptor] › e2e\geometry.spec.ts:825:5 › desktop: the board people cells keep a steady-height trailing drop zone
[66/576] [raptor] › e2e\geometry.spec.ts:862:7 › the crew-rest rings are three distinguishable strokes › dashed is not filled in from behind, and dotted clears the solid ring
[67/576] [raptor] › e2e\geometry.spec.ts:924:7 › the crew-rest rings are three distinguishable strokes › the cross-day row sits inside the list, same box as its neighbours
[68/576] [raptor] › e2e\geometry.spec.ts:971:7 › the crew-rest rings are three distinguishable strokes › the cross-day row pans to the late line on its own day
[69/576] [raptor] › e2e\geometry.spec.ts:1022:5 › puck text stays inside the puck, descenders and all
[70/576] [raptor] › e2e\geometry.spec.ts:1053:7 › clicking a warning brings the puck into view › the week lands on the day, on its snap point, with the puck on screen
[71/576] [raptor] › e2e\geometry.spec.ts:1109:7 › clicking a warning brings the puck into view › a warning already on screen does not move the week sideways
[72/576] [raptor] › e2e\geometry.spec.ts:1162:7 › clicking a warning brings the puck into view › the board scrolls its own panel to the puck
[73/576] [raptor] › e2e\geometry.spec.ts:1197:7 › clicking a warning brings the puck into view › the edit week: a far-day witem brings its puck fully into view, on both axes
[74/576] [raptor] › e2e\geometry.spec.ts:1235:7 › clicking a warning brings the puck into view › view schedule: a day-detail warning row brings its puck fully into view, on both axes
[75/576] [raptor] › e2e\geometry.spec.ts:1279:7 › clicking a warning brings the puck into view › a blank tap that dismisses a warning box holds the view where it snapped
[76/576] [raptor] › e2e\geometry.spec.ts:1320:7 › clicking a warning brings the puck into view › a chip click selects like the puck body, and the selection styling is blue-only
[77/576] [raptor] › e2e\geometry.spec.ts:1369:7 › clicking a warning brings the puck into view › selecting a puck holds the screen still while his boxes open
[78/576] [raptor] › e2e\geometry.spec.ts:1437:7 › clicking a warning brings the puck into view › a SIM_BRIEF warning pans to the sim row that briefs, and it lands on screen
[79/576] [raptor] › e2e\geometry.spec.ts:1513:7 › clicking a warning brings the puck into view › the board at a small viewport scrolls to the deepest warning's puck
[80/576] [raptor] › e2e\geometry.spec.ts:1579:5 › board: the flying line keeps its grid-item count with stores present
[81/576] [raptor] › e2e\geometry.spec.ts:1607:5 › board at 390px: the remarks cell rides beside the seat pucks, and its config button stays reachable
[82/576] [raptor] › e2e\geometry.spec.ts:1642:5 › board at 390px: an eight-pax sim row stacks its pucks two per row
[83/576] [raptor] › e2e\geometry.spec.ts:1665:5 › board at 390px: the seats sit clear of the time boxes and of each other
[84/576] [raptor] › e2e\geometry.spec.ts:1694:5 › board at 390px: a deleted AMT pax leaves a droppable hole in its own place
[85/576] [raptor] › e2e\geometry.spec.ts:1720:5 › board at 390px: taps near the right edge land where they aim
[86/576] [raptor] › e2e\geometry.spec.ts:1757:5 › the burger drawer at 390px scrolls only itself — the page behind it holds still
[87/576] [raptor] › e2e\geometry.spec.ts:1793:5 › board at 390px: Live checks folds to one line, and a fill parks the drawer
[88/576] [raptor] › e2e\geometry.spec.ts:1829:5 › board at 390px: the armed aircrew columns never overlap their neighbour
[89/576] [raptor] › e2e\geometry.spec.ts:1876:5 › the phone board is one window: sign-off, then checks, then panels, aircrew in an edge drawer
[90/576] [raptor] › e2e\geometry.spec.ts:1909:5 › the pen reorders, and the popup survives a click into a rename field
[91/576] [raptor] › e2e\geometry.spec.ts:1931:5 › the stores popup opens inside the visible slice when the page is pinch-zoomed
[92/576] [raptor] › e2e\geometry.spec.ts:1951:5 › a renamed store keeps its chip on every jet that carries it
[93/576] [raptor] › e2e\geometry.spec.ts:1973:5 › the stores popup tracks the live C button across a multi-toggle visit
[94/576] [raptor] › e2e\geometry.spec.ts:2027:5 › the stores popup opened from the BOARD anchors to the board's own C button, not the week's
[95/576] [raptor] › e2e\geometry.spec.ts:2080:5 › typing a rename then clicking a different row's control does not eat the first click
[96/576] [raptor] › e2e\geometry.spec.ts:2115:5 › the board's flying line is single-row in .sb-wide at phone width, and stays 10 grid items throughout
[97/576] [raptor] › e2e\geometry.spec.ts:2162:5 › the board flying line carries the brief inline between MSN and TO at phone width
[98/576] [raptor] › e2e\geometry.spec.ts:2211:5 › the row grip shows at every width and the ▲▼ nudge is gone
[99/576] [raptor] › e2e\geometry.spec.ts:2235:5 › the phone board keeps its column layout after the grip is added
[100/576] [raptor] › e2e\geometry.spec.ts:2298:5 › the notes row keeps a usable text field and a single row on a phone
[101/576] [raptor] › e2e\geometry.spec.ts:2352:5 › dragging a grip reorders the wave and keeps a pair together
[102/576] [raptor] › e2e\geometry.spec.ts:2399:5 › a phone row DRAG reorders a row and the board still reads correctly
[103/576] [raptor] › e2e\geometry.spec.ts:2435:5 › a section dropped on the board flashes the board's own panel, not the week's copy
[104/576] [raptor] › e2e\geometry.spec.ts:2468:5 › the desktop day sign-off is ONE row of four equal pills
[105/576] [raptor] › e2e\geometry.spec.ts:2485:5 › the board title is a fixed slot, so the day chips do not shift between days
[106/576] [raptor] › e2e\geometry.spec.ts:2502:5 › Ground and Common Programme share the sims columns on desktop
[107/576] [raptor] › e2e\geometry.spec.ts:2521:5 › the top bar wears the edit tint on Edit Schedule only
[108/576] [raptor] › e2e\geometry.spec.ts:2533:5 › the Leave War desktop grid grows a fixed, year-wide bottom scrollbar that slides it
[109/576] [raptor] › e2e\geometry.spec.ts:2601:5 › the board keeps its row register on a read-only render (finding #1, via a member session now)
[110/576] [raptor] › e2e\geometry.spec.ts:2652:5 › navigating away from Edit Schedule with the board open hides it, not just its controls
[111/576] [raptor] › e2e\geometry.spec.ts:2680:5 › the blocker: right-clicking a WEEK puck on View-only Sched does not clear it, even with a board previously left open
[112/576] [raptor] › e2e\geometry.spec.ts:2715:5 › a squadron member who reaches the board gets a read-only render — no grip, no nudge
[113/576] [raptor] › e2e\geometry.spec.ts:2746:5 › no button/control row on the board overflows its own width on a phone
[114/576] [raptor] › e2e\geometry.spec.ts:2790:5 › a late input's mark is visible on the view-only page, where the squadron reads it
[115/576] [raptor] › e2e\geometry.spec.ts:2812:5 › the mark never widens or overflows the row it sits in
[116/576] [raptor] › e2e\geometry.spec.ts:2830:5 › a promoted late input keeps the board row in register — no eighth grid item
[117/576] [raptor] › e2e\geometry.spec.ts:2895:7 › desktop: Edit Schedule opens on the day View-only was showing
[118/576] [raptor] › e2e\geometry.spec.ts:2908:7 › desktop: and back the other way — View-only opens on the day Edit was showing
[119/576] [raptor] › e2e\geometry.spec.ts:2895:7 › phone: Edit Schedule opens on the day View-only was showing
[120/576] [raptor] › e2e\geometry.spec.ts:2908:7 › phone: and back the other way — View-only opens on the day Edit was showing
[121/576] [raptor] › e2e\geometry.spec.ts:2920:5 › a repaint that is not a page switch still holds the week where it is
[122/576] [raptor] › e2e\geometry.spec.ts:2949:9 › editing an input from the schedule › phone: the control costs its row no height, and stays reachable under a long remark
[123/576] [raptor] › e2e\geometry.spec.ts:2949:9 › editing an input from the schedule › desktop: the control costs its row no height, and stays reachable under a long remark
[124/576] [raptor] › e2e\geometry.spec.ts:3022:9 › editing an input from the schedule › phone: an input row lines up with the ground programme's rows
[125/576] [raptor] › e2e\geometry.spec.ts:3022:9 › editing an input from the schedule › desktop: an input row lines up with the ground programme's rows
[126/576] [raptor] › e2e\geometry.spec.ts:3055:7 › editing an input from the schedule › the dialog fits a phone and never scrolls the page sideways
[127/576] [raptor] › e2e\geometry.spec.ts:3101:7 › the phone board keeps its controls to one row › the buttons sit on a single line and the bar does not overflow sideways
[128/576] [raptor] › e2e\geometry.spec.ts:3156:7 › the phone board keeps its controls to one row › the day and the date both fit the phone bar, on the longest day name
[129/576] [raptor] › e2e\geometry.spec.ts:3192:7 › the phone board keeps its controls to one row › the full day name comes back above 820px
[130/576] [raptor] › e2e\geometry.spec.ts:3219:7 › the phone board keeps its controls to one row › phone: the day strip is gone from the bar, and the arrows still step the day
[131/576] [raptor] › e2e\geometry.spec.ts:3253:7 › the phone board keeps its controls to one row › the parked aircrew handle does not claim the gesture it forwards
[132/576] [raptor] › e2e\geometry.spec.ts:3275:7 › the phone board keeps its controls to one row › the open AIRCREW drawer starts below the bar and scrolls
[133/576] [raptor] › e2e\geometry.spec.ts:3356:9 › the History bubble › phone: it fits on screen and never pushes the page sideways
[134/576] [raptor] › e2e\geometry.spec.ts:3356:9 › the History bubble › desktop: it fits on screen and never pushes the page sideways
[135/576] [raptor] › e2e\geometry.spec.ts:3389:7 › the History bubble › desktop: it stacks under every dialog that can open over the board
[136/576] [raptor] › e2e\geometry.spec.ts:3430:7 › the History bubble › phone: an anchor at the top edge cannot push the bubble off-screen
[137/576] [raptor] › e2e\geometry.spec.ts:3509:7 › the History bubble › desktop: shows the whole story on hover, with no chevron
[138/576] [raptor] › e2e\geometry.spec.ts:3559:9 › the board holds the page still underneath it › phone: scrolling past the end of the board does not drive the week behind it
[139/576] [raptor] › e2e\geometry.spec.ts:3559:9 › the board holds the page still underneath it › desktop: scrolling past the end of the board does not drive the week behind it
[140/576] [raptor] › e2e\geometry.spec.ts:3630:9 › the way into the changes list follows the width › desktop: the board's History button is on screen and opens the one changes window; the old lines are gone
[141/576] [raptor] › e2e\geometry.spec.ts:3630:9 › the way into the changes list follows the width › phone: the board's History button is on screen and opens the one changes window; the old lines are gone
[142/576] [raptor] › e2e\geometry.spec.ts:3667:5 › the Highlight chips fold behind the toggle on a phone, and stand open on a desktop
[143/576] [raptor] › e2e\geometry.spec.ts:3704:5 › the expanded highlight chips scroll sideways, not off the page
[144/576] [raptor] › e2e\geometry.spec.ts:3735:7 › the day arrows › phone: they sit at the two edges of the day row, and the bar stays one line
[145/576] [raptor] › e2e\geometry.spec.ts:3790:7 › the day arrows › phone: tapping them steps the day and flows continuously across weeks
[146/576] [raptor] › e2e\geometry.spec.ts:3821:7 › the day arrows › desktop: the board has visible week arrows that jump a week and keep the day
[147/576] [raptor] › e2e\geometry.spec.ts:3847:7 › the day arrows › phone: the top-left calendar icon opens the week picker
[148/576] [raptor] › e2e\geometry.spec.ts:3865:7 › the day arrows › desktop: the arrows are not drawn, because all seven days are on the bar
[149/576] [raptor] › e2e\geometry.spec.ts:3879:7 › the day arrows › phone: a sideways drag across the board does nothing at all
[150/576] [raptor] › e2e\geometry.spec.ts:3919:7 › the viewport meta › is untouched where the platform is not an Apple touch device
[151/576] [raptor] › e2e\geometry.spec.ts:3936:7 › the green eligibility rings › empty vs filled vs armed are distinct paints, and rings move nothing
[152/576] [raptor] › e2e\geometry.spec.ts:4022:7 › the Available-crew panel folds › open by default, folds on tap, opens back
[153/576] [raptor] › e2e\geometry.spec.ts:4061:7 › the crew-day picker › desktop: the last day is unreachable by scroll but reachable by its name
[154/576] [raptor] › e2e\geometry.spec.ts:4096:7 › the crew-day picker › desktop: the week ends whole — Sunday can sit at the front, and the retired edge hint never shows
[155/576] [raptor] › e2e\geometry.spec.ts:4132:7 › the crew-day picker › desktop: the panel arrows clamp at the weeks ends
[156/576] [raptor] › e2e\geometry.spec.ts:4149:7 › the crew-day picker › desktop: the day header and column headings stay pinned as the roster scrolls
[157/576] [raptor] › e2e\geometry.spec.ts:4187:7 › the crew-day picker › desktop: › steps one clean day at a time to a whole-day end, then rolls into next week
[158/576] [raptor] › e2e\geometry.spec.ts:4293:7 › the frozen callsign column › phone: the callsign stays at the left edge when the Quals table scrolls sideways
[159/576] [raptor] › e2e\geometry.spec.ts:4322:7 › the frozen callsign column › phone: the frozen header re-measures its width when the screen rotates
[160/576] [raptor] › e2e\geometry.spec.ts:4345:7 › the frozen callsign column › phone: the frozen header is in step with the table the moment it appears
[161/576] [raptor] › e2e\geometry.spec.ts:4385:5 › a dragged quals heading wears one frame down the table, and the column flashes where it lands
[162/576] [raptor] › e2e\geometry.spec.ts:4519:7 › the collapsible legend › phone: the legend is closed by default and opens on click
[163/576] [raptor] › e2e\geometry.spec.ts:4542:5 › the flying line keeps its five boxes on one baseline on a phone
[164/576] [raptor] › e2e\geometry.spec.ts:4580:5 › the phone board clears its parked aircrew tab
[165/576] [raptor] › e2e\geometry.spec.ts:4615:5 › the phone board: duty/sim/ground AND Common Programme remarks align with the flying line
[166/576] [raptor] › e2e\geometry.spec.ts:4655:5 › the phone board: a long remark grows its box instead of scrolling inside it
[167/576] [raptor] › e2e\geometry.spec.ts:4704:5 › the Insights bars draw, and their lengths mean something
[168/576] [raptor] › e2e\geometry.spec.ts:4740:5 › the desktop checks panel resizes by its grip
[169/576] [raptor] › e2e\geometry.spec.ts:4773:5 › the phone Inputs cards align their type and date columns
[170/576] [raptor] › e2e\geometry.spec.ts:4815:9 › the Inputs month calendar › fills the viewport with 7 equal columns, chips inside their cells, on phone
[171/576] [raptor] › e2e\geometry.spec.ts:4815:9 › the Inputs month calendar › fills the viewport with 7 equal columns, chips inside their cells, on desktop
[172/576] [raptor] › e2e\geometry.spec.ts:4897:7 › the day-head lays out the same on every day › phone: Today does not move the controls; desktop: one row
[173/576] [raptor] › e2e\geometry.spec.ts:4932:7 › the motion set, and its reduced-motion off-switch › pages and the board animate; reduced motion computes none
[174/576] [raptor] › e2e\geometry.spec.ts:4958:7 › a mouse drag of a puck runs on the pointer machine, not the native drag › ghost tracks the cursor, no dragstart/dragover fires, the drop lands
[175/576] [raptor] › e2e\geometry.spec.ts:5048:7 › slow-computer diet › desktop: the Leave War screen is a separate chunk, pre-warmed after login
[176/576] [raptor] › e2e\geometry.spec.ts:5071:7 › slow-computer diet › desktop: the edit week is warmed and parked laid-out before Edit is ever opened
[177/576] [raptor] › e2e\geometry.spec.ts:5110:5 › phone: the placeholder count chip sits inside its column and takes its own press
[178/576] [raptor] › e2e\geometry.spec.ts:5140:5 › desktop: the same chip is inside its column and on top
[179/576] [raptor] › e2e\geometry.spec.ts:5180:5 › the weekend says it is unpublished from the first paint, not after an unrelated edit
[180/576] [raptor] › e2e\geometry.spec.ts:5212:5 › the sign-in and Request access buttons sit square under their boxes, inside the card
[181/576] [raptor] › e2e\geometry.spec.ts:5230:7 › the sign-up card's two selects are the boxes' size and edges (desktop)
[182/576] [raptor] › e2e\geometry.spec.ts:5230:7 › the sign-up card's two selects are the boxes' size and edges (phone)
[183/576] [raptor] › e2e\geometry.spec.ts:5255:5 › Quals "+ Add person" leaves the cursor in the Callsign/Name box, every press (desktop)
[184/576] [raptor] › e2e\geometry.spec.ts:5270:5 › the New person fields fit the Users pane on a phone (add and approve)
[185/576] [raptor] › e2e\geometry.spec.ts:5346:7 › 1366 desktop: the Saving… note never moves the top bar or its buttons, and it can be read
[186/576] [raptor] › e2e\geometry.spec.ts:5346:7 › phone: the Saving… note never moves the top bar or its buttons, and it can be read
[187/576] [raptor] › e2e\insights.spec.ts:7:9 › Insights real routes desktop › D512/D515/D524/D532 default Off, Logic control, Board text before annotation answer
[188/576] [raptor] › e2e\insights.spec.ts:7:9 › Insights real routes phone › D512/D515/D524/D532 default Off, Logic control, Board text before annotation answer
[189/576] [raptor] › e2e\insights.spec.ts:41:9 › Insights window top stays reachable — short phone › D536 the title bar and its close button are on screen and tappable, Show all pressed
[190/576] [raptor] › e2e\insights.spec.ts:41:9 › Insights window top stays reachable — phone › D536 the title bar and its close button are on screen and tappable, Show all pressed
[191/576] [raptor] › e2e\insights.spec.ts:41:9 › Insights window top stays reachable — short desktop › D536 the title bar and its close button are on screen and tappable, Show all pressed
[192/576] [raptor] › e2e\medical.spec.ts:14:9 › the medical view renders and fits › three populated sections, no overflow, on phone
[193/576] [raptor] › e2e\medical.spec.ts:14:9 › the medical view renders and fits › three populated sections, no overflow, on desktop
[194/576] [raptor] › e2e\medical.spec.ts:105:7 › the medical view renders and fits › the as-of picker replays history
[195/576] [raptor] › e2e\onedoor.spec.ts:35:7 › [ONE-DOOR] desktop: Archive → away on the war → Restore from a later post-in → his welcome back → his own Quals row
[196/576] [raptor] › e2e\onedoor.spec.ts:35:7 › [ONE-DOOR] phone: Archive → away on the war → Restore from a later post-in → his welcome back → his own Quals row
[197/576] [raptor] › e2e\warnhide.spec.ts:52:9 › a hidden warning — desktop › WH4, WH5, WH3 — Edit Schedule: the line struck in place with ↺, the count without it, the puck plain; WH1 — and after a reload
[198/576] [raptor] › e2e\warnhide.spec.ts:91:9 › a hidden warning — desktop › WH4 — the Scheduler Board: the same line struck in its panel, the heading without it
[199/576] [raptor] › e2e\warnhide.spec.ts:112:9 › a hidden warning — desktop › WH2, WH7 — a member signing in after: the count without it, the line struck, and no button
[200/576] [raptor] › e2e\warnhide.spec.ts:132:9 › a hidden warning — desktop › WH8, D99 — on a published day, a tap on "Warning · … flagged → hidden" in To go out lands on the struck line
[201/576] [raptor] › e2e\warnhide.spec.ts:52:9 › a hidden warning — phone › WH4, WH5, WH3 — Edit Schedule: the line struck in place with ↺, the count without it, the puck plain; WH1 — and after a reload
[202/576] [raptor] › e2e\warnhide.spec.ts:91:9 › a hidden warning — phone › WH4 — the Scheduler Board: the same line struck in its panel, the heading without it
[203/576] [raptor] › e2e\warnhide.spec.ts:112:9 › a hidden warning — phone › WH2, WH7 — a member signing in after: the count without it, the line struck, and no button
[204/576] [raptor] › e2e\warnhide.spec.ts:132:9 › a hidden warning — phone › WH8, D99 — on a published day, a tap on "Warning · … flagged → hidden" in To go out lands on the struck line
(node:53000) Warning: The 'NO_COLOR' env is ignored due to the 'FORCE_COLOR' env being set.
(Use `node --trace-warnings ...` to show where the warning was created)


(node:48732) Warning: The 'NO_COLOR' env is ignored due to the 'FORCE_COLOR' env being set.
(Use `node --trace-warnings ...` to show where the warning was created)


[205/576] [lw-phone] › e2e\leavewar.spec.ts:139:5 › the undo/redo pair sits in the app’s top bar on the Leave War, disabled at rest
[206/576] [lw-phone] › e2e\leavewar.spec.ts:173:5 › the callsign column stays put when the grid scrolls sideways
(node:38708) Warning: The 'NO_COLOR' env is ignored due to the 'FORCE_COLOR' env being set.
(Use `node --trace-warnings ...` to show where the warning was created)


[207/576] [lw-phone] › e2e\leavewar.spec.ts:193:5 › the frozen overlay lines up with the rows it freezes
(node:40416) Warning: The 'NO_COLOR' env is ignored due to the 'FORCE_COLOR' env being set.
(Use `node --trace-warnings ...` to show where the warning was created)


(node:43576) Warning: The 'NO_COLOR' env is ignored due to the 'FORCE_COLOR' env being set.
(Use `node --trace-warnings ...` to show where the warning was created)


[208/576] [lw-phone] › e2e\leavewar.spec.ts:224:5 › the frozen overlay lines up with every row it freezes, top to bottom
[209/576] [lw-phone] › e2e\leavewar.spec.ts:260:5 › the frozen overlay callsign opens the sheet once the year has scrolled
(node:51508) Warning: The 'NO_COLOR' env is ignored due to the 'FORCE_COLOR' env being set.
(Use `node --trace-warnings ...` to show where the warning was created)


[210/576] [lw-phone] › e2e\leavewar.spec.ts:273:5 › the frozen header re-measures its width when the screen rotates
(node:29488) Warning: The 'NO_COLOR' env is ignored due to the 'FORCE_COLOR' env being set.
(Use `node --trace-warnings ...` to show where the warning was created)


[211/576] [lw-phone] › e2e\leavewar.spec.ts:299:5 › the grid has no vertical scroller of its own
(node:48292) Warning: The 'NO_COLOR' env is ignored due to the 'FORCE_COLOR' env being set.
(Use `node --trace-warnings ...` to show where the warning was created)


[212/576] [lw-phone] › e2e\leavewar.spec.ts:311:5 › the page is the one thing that scrolls vertically
[213/576] [lw-phone] › e2e\leavewar.spec.ts:338:5 › the grid still owns the sideways scroll
[214/576] [lw-phone] › e2e\leavewar.spec.ts:345:5 › the frozen column is opaque — day cells never show through it
[215/576] [lw-phone] › e2e\leavewar.spec.ts:351:5 › the page itself never scrolls sideways — only the grid does
[216/576] [lw-phone] › e2e\leavewar.spec.ts:361:5 › the VIEWING AS chip stays inside the screen, its words whole, and the top row never scrolls sideways
[217/576] [lw-phone] › e2e\leavewar.spec.ts:380:5 › a blocked day is painted amber on its header, and an ordinary day is not
[218/576] [lw-phone] › e2e\leavewar.spec.ts:390:5 › a blocked day that falls on a weekend still paints amber, not grey
[219/576] [lw-phone] › e2e\leavewar.spec.ts:408:5 › the half-day divider is painted on a half-day chip and absent on a whole-day chip
[220/576] [lw-phone] › e2e\leavewar.spec.ts:431:5 › the matrix stays within a sane DOM size
[221/576] [lw-phone] › e2e\leavewar.spec.ts:573:5 › a month button scrolls the grid to that month
[222/576] [lw-phone] › e2e\leavewar.spec.ts:619:5 › a month button works from wherever the grid already is
[223/576] [lw-phone] › e2e\leavewar.spec.ts:647:5 › the whole month strip is on screen at phone width
[224/576] [lw-phone] › e2e\leavewar.spec.ts:664:5 › the four bid states read as three colours and one plain cell
[225/576] [lw-phone] › e2e\leavewar.spec.ts:691:5 › a bid can be placed, and lands plain because nobody has answered it
[226/576] [lw-phone] › e2e\leavewar.spec.ts:712:5 › a placed bid survives a reload — the war persists per browser
[227/576] [lw-phone] › e2e\leavewar.spec.ts:739:5 › the grid offers no medical markers — for a member or an admin
[228/576] [lw-phone] › e2e\leavewar.spec.ts:756:5 › tapping a counter cell opens that person's breakdown of the shown figure
[229/576] [lw-phone] › e2e\leavewar.spec.ts:771:5 › the bid sheet is visible in full, not clipped by the grid scroller
[230/576] [lw-phone] › e2e\leavewar.spec.ts:793:5 › opening the bid sheet never makes the page scroll sideways
[231/576] [lw-phone] › e2e\leavewar.spec.ts:806:5 › a cell Raptor owns is the same green as an approved bid
[232/576] [lw-phone] › e2e\leavewar.spec.ts:818:5 › the Raptor mark is painted, and an ordinary bid carries none
[233/576] [lw-phone] › e2e\leavewar.spec.ts:843:5 › a cell Raptor owns offers no way to change it
[234/576] [lw-phone] › e2e\leavewar.spec.ts:852:5 › closing the war locks the squadron out, and the admin account still edits
[235/576] [lw-phone] › e2e\leavewar.spec.ts:868:5 › an admin moves a bid to another date, and it lands pending there
[236/576] [lw-phone] › e2e\leavewar.spec.ts:924:5 › drag-selecting a row fills the leave across the whole span
[237/576] [lw-phone] › e2e\leavewar.spec.ts:944:5 › a drag that would go below zero asks once, then writes on the same leave again
[238/576] [lw-phone] › e2e\leavewar.spec.ts:964:5 › a member scoped to one person can input on that row only
[239/576] [lw-phone] › e2e\leavewar.spec.ts:979:5 › a member scoped to one person drag-fills their own row only
[240/576] [lw-phone] › e2e\leavewar.spec.ts:993:5 › a drag-selection offers Move, and the move banner appears on entering it
[241/576] [lw-phone] › e2e\leavewar.spec.ts:1026:5 › a loose box moves the inputs present, first input landing on the clicked day
[242/576] [lw-phone] › e2e\leavewar.spec.ts:1048:5 › right-click cancels a move on desktop
[243/576] [lw-phone] › e2e\leavewar.spec.ts:1066:5 › dragging an event row opens the event sheet ranged to the span
[244/576] [lw-phone] › e2e\leavewar.spec.ts:1154:5 › a drag-select parked at the counter column auto-scrolls the grid left
[245/576] [lw-phone] › e2e\leavewar.spec.ts:1161:5 › with the figures drawer open the band starts at the DRAWER's edge
[246/576] [lw-phone] › e2e\leavewar.spec.ts:1174:5 › a held finger dragged to the drawer's edge auto-scrolls the grid left
[247/576] [lw-phone] › e2e\leavewar.spec.ts:1203:5 › the date header freezes on desktop when the page scrolls down
[248/576] [lw-phone] › e2e\leavewar.spec.ts:1223:5 › the frozen bar is in step with the grid the moment it appears
[249/576] [lw-phone] › e2e\leavewar.spec.ts:1269:5 › a column that widens while the dates are frozen re-measures the frozen bar
[250/576] [lw-phone] › e2e\leavewar.spec.ts:1313:5 › the open-bidding outline moves with the rows when the manning Archive opens
[251/576] [lw-phone] › e2e\leavewar.spec.ts:1342:5 › at published, a tap on an approved leave edits its note, and it sticks
[252/576] [lw-phone] › e2e\leavewar.spec.ts:1371:5 › both frozen columns stay put when the grid scrolls sideways
[253/576] [lw-phone] › e2e\leavewar.spec.ts:1385:5 › the two frozen columns sit flush — no gap, no overlap
[254/576] [lw-phone] › e2e\leavewar.spec.ts:1403:5 › the balance column is opaque — day cells never show through it
[255/576] [lw-phone] › e2e\leavewar.spec.ts:1460:5 › the counter column does not eat the grid on a phone
[256/576] [lw-phone] › e2e\leavewar.spec.ts:1477:5 › the counter column changes every row at once
[257/576] [lw-phone] › e2e\leavewar.spec.ts:1496:5 › a negative balance is painted red, and a positive one is not
[258/576] [lw-phone] › e2e\leavewar.spec.ts:1516:5 › the date headers are square, the .day leak overridden
[259/576] [lw-phone] › e2e\leavewar.spec.ts:1526:5 › the figure picker doubles as the legend, every figure spelled out
[260/576] [lw-phone] › e2e\leavewar.spec.ts:1543:5 › the figures reorder, and Reset restores the default order
[261/576] [lw-phone] › e2e\leavewar.spec.ts:1575:5 › the drawer opens closed on a phone and open on a desktop
[262/576] [lw-phone] › e2e\leavewar.spec.ts:1588:5 › the drawer sits beside the names, its rows level with the days, and closing restores the header
[263/576] [lw-phone] › e2e\leavewar.spec.ts:1642:5 › a drawer box opens that person's breakdown of that figure; a title says what it counts
[264/576] [lw-phone] › e2e\leavewar.spec.ts:1665:5 › the stuck header carries the drawer titles, the switch and the month once the roster has scrolled
[265/576] [lw-phone] › e2e\leavewar.spec.ts:1719:5 › the corner switch fills its cell — the whole corner is the tap target
[266/576] [lw-phone] › e2e\leavewar.spec.ts:1736:5 › the corner covers the month rail all the way to the drawer's edge
[267/576] [lw-phone] › e2e\leavewar.spec.ts:1762:5 › a month jump lands the month clear of the drawer, not under it
[268/576] [lw-phone] › e2e\leavewar.spec.ts:1783:5 › a day beside the open drawer still takes a tap
[269/576] [lw-phone] › e2e\leavewar.spec.ts:1815:5 › the month strip reads from the drawer's edge, not the closed column's
[270/576] [lw-phone] › e2e\leavewar.spec.ts:1888:5 › the month strip follows the drawer WIDENING while it is already out
[271/576] [lw-phone] › e2e\leavewar.spec.ts:1939:5 › the column follows the leave just entered to the balance it comes off
[272/576] [lw-phone] › e2e\leavewar.spec.ts:1950:5 › the box whose number changed flashes, once
[273/576] [lw-phone] › e2e\leavewar.spec.ts:1965:5 › an admin hides a figure and the drawer loses that column; a member has no eye
[274/576] [lw-phone] › e2e\leavewar.spec.ts:1979:5 › the Legend pop-out carries the figures key, and fits the screen
[275/576] [lw-phone] › e2e\leavewar.spec.ts:2043:5 › a drag down a drawer column lights the run, on that pool only
[276/576] [lw-phone] › e2e\leavewar.spec.ts:2061:5 › a drag on a total, or by a member, lights nothing
[277/576] [lw-phone] › e2e\leavewar.spec.ts:2092:5 › the band lets a press through to the drawer once the grid has scrolled
[278/576] [lw-phone] › e2e\leavewar.spec.ts:2121:5 › a finger's hold-and-drag down the drawer lights the run and does not scroll the page
[279/576] [lw-phone] › e2e\leavewar.spec.ts:2183:5 › the bar takes one number for the run, the boxes flash, and one Undo takes it all back
[280/576] [lw-phone] › e2e\leavewar.spec.ts:2226:5 › -1.5 subtracts; 0, abc and 1.25 are refused and the run stays
[281/576] [lw-phone] › e2e\leavewar.spec.ts:2257:5 › OIL from the grid is the tracker's own credit
[282/576] [lw-phone] › e2e\leavewar.spec.ts:2282:5 › a tap outside clears the bar, the drawer toggle clears it, and a sideways scroll does not
[283/576] [lw-phone] › e2e\leavewar.spec.ts:2324:5 › a member never sees the bar
[284/576] [lw-phone] › e2e\leavewar.spec.ts:2333:5 › on a phone the bar comes up whole, clear of the bottom edge
[285/576] [lw-phone] › e2e\leavewar.spec.ts:2370:5 › a scrolled sheet keeps its header and its close button
[286/576] [lw-phone] › e2e\leavewar.spec.ts:2395:5 › the page scrolls behind an open sheet, and the panel stays put
[287/576] [lw-phone] › e2e\leavewar.spec.ts:2438:5 › a finger behind an open sheet scrolls the grid itself; a tap on a cell closes the sheet and opens nothing
[288/576] [lw-phone] › e2e\leavewar.spec.ts:2539:5 › on a desktop the scrim stays in the way of the mouse
[289/576] [lw-phone] › e2e\leavewar.spec.ts:2554:5 › the viewer's row is lit and the title sheet answers with their numbers
[290/576] [lw-phone] › e2e\leavewar.spec.ts:2597:5 › nothing in the callsign column is cut off
[291/576] [lw-phone] › e2e\leavewar.spec.ts:2616:5 › the counter controls sit on one row, in order, OIL right after rearrange, zoom after OIL
[292/576] [lw-phone] › e2e\leavewar.spec.ts:2640:5 › a member counter bar is Manning then OIL, adjacent, one row
[293/576] [lw-phone] › e2e\leavewar.spec.ts:2658:5 › in Rearrange the counter grip is left of the name and nothing clips
[294/576] [lw-phone] › e2e\leavewar.spec.ts:2678:5 › in Rearrange the name column grows by the grip: callsigns keep their width, the frozen pair stays joined
[295/576] [lw-phone] › e2e\leavewar.spec.ts:2708:5 › switching leave war repaints the grid and keeps the balance
[296/576] [lw-phone] › e2e\leavewar.spec.ts:2733:5 › the new-leave-war sheet is anchored to the viewport, not the topbar
[297/576] [lw-phone] › e2e\leavewar.spec.ts:2759:5 › an admin creates a leave war, and it joins the picker
[298/576] [lw-phone] › e2e\leavewar.spec.ts:2772:5 › overlapping dates are refused, with the reason on screen
[299/576] [lw-phone] › e2e\leavewar.spec.ts:2788:5 › a locked column is visibly dimmer than an open one, and still readable
[300/576] [lw-phone] › e2e\leavewar.spec.ts:2808:5 › an admin sees no lock, because the window does not bind them
[301/576] [lw-phone] › e2e\leavewar.spec.ts:2819:5 › the range calendar paints the span between the two taps
[302/576] [lw-phone] › e2e\leavewar.spec.ts:2847:5 › every control in the range calendar is a real tap target
[303/576] [lw-phone] › e2e\leavewar.spec.ts:2862:5 › the bidding-window sheet is anchored to the viewport, not clipped
[304/576] [lw-phone] › e2e\leavewar.spec.ts:2880:5 › a posted-out cell is hatched, and an ordinary cell is not
[305/576] [lw-phone] › e2e\leavewar.spec.ts:2900:5 › OFF is not offered as a leave to bid
[306/576] [lw-phone] › e2e\leavewar.spec.ts:2910:5 › the topbar scrolls away instead of holding the top of the screen
[307/576] [lw-phone] › e2e\leavewar.spec.ts:2936:5 › the chrome above the grid is a fraction of the screen, not most of it
[308/576] [lw-phone] › e2e\leavewar.spec.ts:2947:5 › the date header stays put while the topbar goes
[309/576] [lw-phone] › e2e\leavewar.spec.ts:2960:5 › the grid gets most of the screen on a phone once the chrome is scrolled away
[310/576] [lw-phone] › e2e\leavewar.spec.ts:2976:5 › every date column names its weekday
[311/576] [lw-phone] › e2e\leavewar.spec.ts:2990:5 › the counter control is a real tap target on a phone
[312/576] [lw-phone] › e2e\leavewar.spec.ts:3015:5 › the counter sheet changes the column, and every row with it
[313/576] [lw-phone] › e2e\leavewar.spec.ts:3037:5 › swiping across the counter column cycles it
[314/576] [lw-phone] › e2e\leavewar.spec.ts:3057:5 › a small or vertical drag on the counter column changes nothing
[315/576] [lw-phone] › e2e\leavewar.spec.ts:3070:5 › swiping the day columns leaves the counter alone
[316/576] [lw-phone] › e2e\leavewar.spec.ts:3091:5 › an admin reaches no Edit person from the name sheet
[317/576] [lw-phone] › e2e\leavewar.spec.ts:3104:5 › the callsign, its CAT chip and a personnel label all fit the phone column
[318/576] [lw-phone] › e2e\leavewar.spec.ts:3120:5 › an event widens its day, then wraps and grows only its own rows
[319/576] [lw-phone] › e2e\leavewar.spec.ts:3163:5 › a member reads the events and cannot type into them
[320/576] [lw-phone] › e2e\leavewar.spec.ts:3171:5 › an off day is green, a no-leave day orange, and a work word red
[321/576] [lw-phone] › e2e\leavewar.spec.ts:3211:5 › the counter picker is a contained, squared control
[322/576] [lw-phone] › e2e\leavewar.spec.ts:3222:5 › the period picker says what it is
[323/576] [lw-phone] › e2e\leavewar.spec.ts:3234:5 › the tinted chips are not ink in their own background hue
[324/576] [lw-phone] › e2e\leavewar.spec.ts:3255:5 › the picker options are neutral, not the chip green
[325/576] [lw-phone] › e2e\leavewar.spec.ts:3275:5 › the under-manned chip reads 0 days on the projected roster, and is disabled
[326/576] [lw-phone] › e2e\leavewar.spec.ts:3325:5 › the under-manned chip opens the days that caused it
[327/576] [lw-phone] › e2e\leavewar.spec.ts:3338:5 › choosing a day jumps the grid to it, clear of the frozen columns
[328/576] [lw-phone] › e2e\leavewar.spec.ts:3364:5 › the jumped-to day is visibly marked
[329/576] [lw-phone] › e2e\leavewar.spec.ts:3378:5 › the under-manned list stays on screen and its rows are reachable
[330/576] [lw-phone] › e2e\leavewar.spec.ts:3401:5 › the strip lights the month the grid is showing, and only one
[331/576] [lw-phone] › e2e\leavewar.spec.ts:3405:5 › the lit month follows a real scroll
[332/576] [lw-phone] › e2e\leavewar.spec.ts:3455:5 › every month in the strip can be reached and lights itself
[333/576] [lw-phone] › e2e\leavewar.spec.ts:3479:5 › the lit month is painted, not merely classed
[334/576] [lw-phone] › e2e\leavewar.spec.ts:3493:5 › scrolling the year stays responsive with the readout attached
[335/576] [lw-phone] › e2e\leavewar.spec.ts:3511:5 › an admin can reopen bidding after closing it
[336/576] [lw-phone] › e2e\leavewar.spec.ts:3524:5 › a member is offered no way back
[337/576] [lw-phone] › e2e\leavewar.spec.ts:3535:5 › a decision made before the reopen survives it
[338/576] [lw-phone] › e2e\leavewar.spec.ts:3554:5 › the page carries no second squadron mark — the shell is the only identity
[339/576] [lw-phone] › e2e\leavewar.spec.ts:3559:5 › the roster is grouped SXO → IP → OPS P → IWSO → OPS W → OCU → Personnel
[340/576] [lw-phone] › e2e\leavewar.spec.ts:3565:5 › every callsign wears its CAT colour, reused from the Quals palette
[341/576] [lw-phone] › e2e\leavewar.spec.ts:3572:5 › CAT sub-headings split the ops groups on desktop and fold away on a phone
[342/576] [lw-phone] › e2e\leavewar.spec.ts:3578:5 › an admin hand-drags the roster from the ⇅ toggle, which is also the way out; a member gets no tool
[343/576] [lw-phone] › e2e\leavewar.spec.ts:3648:5 › a picked-up row wears one frame the width of the visible grid, and the row it lands on flashes once
[344/576] [lw-phone] › e2e\leavewar.spec.ts:3734:5 › a personnel row shows its callsign, with no edit box, in Rearrange
[345/576] [lw-phone] › e2e\leavewar.spec.ts:3751:5 › the grid reads counts, months, header, events, roster — top to bottom
[346/576] [lw-phone] › e2e\leavewar.spec.ts:3765:5 › every month wears a bracket spanning exactly its days
[347/576] [lw-phone] › e2e\leavewar.spec.ts:3780:5 › the month strip fits its wrapped rows and clears the bracket bar below
[348/576] [lw-phone] › e2e\leavewar.spec.ts:3790:5 › a member can collapse and reopen the manning counts
[349/576] [lw-phone] › e2e\leavewar.spec.ts:3799:5 › the blocked exercise week prints its reason across the event row
[350/576] [lw-phone] › e2e\leavewar.spec.ts:3829:5 › on a phone the header freezes under the top bar and thaws on the way back
[351/576] [lw-phone] › e2e\leavewar.spec.ts:3906:5 › the zoom steps the whole grid down and back, on both widths
[352/576] [lw-phone] › e2e\leavewar.spec.ts:3921:5 › the zoom control is in the top row on both widths; a phone opens one step out
[353/576] [lw-phone] › e2e\leavewar.spec.ts:3931:5 › the OIL tracker has its own − / + beside RANGE, on one row; a phone opens it one step out
[354/576] [lw-phone] › e2e\leavewar.spec.ts:4009:5 › every label and reason on an OIL credit box reads in full, at every zoom step
[355/576] [lw-phone] › e2e\leavewar.spec.ts:4067:5 › the month strip is one line of twelve, inside the viewport
[356/576] [lw-phone] › e2e\leavewar.spec.ts:4083:5 › tagging a typed event colours the day without minting a type
[357/576] [lw-phone] › e2e\leavewar.spec.ts:4107:5 › posting out tags the last day, and the row leaves the months after it
[358/576] [lw-phone] › e2e\leavewar.spec.ts:4142:5 › a seeded posting-out hides its row in later months too
[359/576] [lw-phone] › e2e\leavewar.spec.ts:4158:5 › the roster does not reflow mid-scroll, only once the scroll settles
[360/576] [lw-phone] › e2e\leavewar.spec.ts:4183:5 › an admin builds a counter in the form, and the new row counts
[361/576] [lw-phone] › e2e\leavewar.spec.ts:4209:5 › deleting a counter takes its row off the grid
[362/576] [lw-phone] › e2e\leavewar.spec.ts:4227:5 › every admin control is reachable within the viewport
[363/576] [lw-phone] › e2e\leavewar.spec.ts:4266:5 › undo/redo drive a real grid edit: fill, clear, restore
[364/576] [lw-phone] › e2e\leavewar.spec.ts:4298:6 › undo fired in MOVE mode does not corrupt: the grid stays usable
[365/576] [lw-phone] › e2e\leavewar.spec.ts:4318:5 › the select sheet still works, and undo acts on the committed edit
[366/576] [lw-phone] › e2e\leavewar.spec.ts:4334:6 › rapid undo/redo settle to a consistent grid
[367/576] [lw-phone] › e2e\leavewar.spec.ts:4368:5 › a tab switch keeps the grid alive: the same node returns, shrinks-and-rebuilds on desktop, measurements still live
[368/576] [lw-phone] › e2e\leavewar.spec.ts:4414:5 › a glowing green box frames the open-bidding window and clears when bidding closes
[369/576] [lw-phone] › e2e\leavewar.spec.ts:4456:5 › the open-bidding box keeps its left edge on 1 Jan through Rearrange
[370/576] [lw-phone] › e2e\leavewar.spec.ts:4492:5 › the grid draws a window of months over year-wide placeholders, keeps every row aligned, and draws in place
[371/576] [lw-phone] › e2e\leavewar.spec.ts:4594:5 › the bottom scrollbar is a year-wide scrubber; the desktop grid fills the whole year and the bar then slides it
[372/576] [lw-phone] › e2e\leavewar.spec.ts:4677:5 › the bottom scrollbar shows the grid's place the moment it appears
[373/576] [lw-phone] › e2e\leavewar.spec.ts:4711:5 › a post-out dated in July keeps his July row, after the war was first shown on a later month
[374/576] [lw-phone] › e2e\step4-leavewar.spec.ts:238:5 › approve a 5-day bid, delete its middle day, undo, redo
[375/576] [lw-phone] › e2e\step4-leavewar.spec.ts:274:5 › an admin files leave on the Inputs page over a pending bid: bid gone, amber !, OK seen clears it
[376/576] [lw-phone] › e2e\step4-leavewar.spec.ts:314:5 › the member files leave over their own bid: bid gone, a message, no notice left on the war
[377/576] [lw-phone] › e2e\step4-leavewar.spec.ts:334:5 › LL 14–18 Jul, then ATT C 16–17 Jul on the Inputs page: the leave is cut, +2 back, undo restores
[378/576] [lw-phone] › e2e\step4-leavewar.spec.ts:387:5 › two leaves on the same time are refused with a message naming the first
[379/576] [lw-phone] › e2e\step4-leavewar.spec.ts:368:5 › a morning ATT C over a full-day LL leaves the afternoon as LL
[380/576] [lw-phone] › e2e\step4-leavewar.spec.ts:399:5 › two leaves in one morning at times that do not overlap: allowed, half a day charged once, off the longer one
[381/576] [lw-phone] › e2e\step4-leavewar.spec.ts:420:5 › leave during a course: the leave shows with +1 and is deducted
[382/576] [lw-phone] › e2e\step4-leavewar.spec.ts:435:5 › clearing leave after a posting-out: LL with the PO tag, charged, never counted in manning
[383/576] [lw-phone] › e2e\step4-leavewar.spec.ts:454:5 › move an approved leave after bidding closes: dotted moved mark, undo, redo
[384/576] [lw-phone] › e2e\step4-leavewar.spec.ts:497:5 › publishing a weekend day KEEPS a pending bid for someone working it and flags the day
[385/576] [lw-phone] › e2e\step4-leavewar.spec.ts:543:5 › the tap list: approve one half, refuse the other, un-approve back to a bid — each undoable
[386/576] [lw-phone] › e2e\step4-leavewar.spec.ts:581:5 › tap-list permissions: a member gets no decisions, clears only their own bid, and "OK, seen" only on their own notice
[387/576] [lw-phone] › e2e\step4-leavewar.spec.ts:622:5 › a reload (not ?fresh) keeps every filed leave, cut, notice and post-out — nothing lost or doubled
[388/576] [lw-phone] › e2e\step4-leavewar.spec.ts:674:5 › phone and desktop: the tap list fits, the page never scrolls sideways, no console errors
[389/576] [lw-phone] › e2e\step4-leavewar.spec.ts:709:5 › BUG: the balance column drops as soon as leave is filed on the Inputs page
[390/576] [lw-phone] › e2e\step4-leavewar.spec.ts:727:5 › BUG: an overnight leave does not block a medical the next morning — the medical cuts the tail
(node:25716) Warning: The 'NO_COLOR' env is ignored due to the 'FORCE_COLOR' env being set.
(Use `node --trace-warnings ...` to show where the warning was created)


[391/576] [lw-desktop] › e2e\leavewar.spec.ts:139:5 › the undo/redo pair sits in the app’s top bar on the Leave War, disabled at rest
(node:7684) Warning: The 'NO_COLOR' env is ignored due to the 'FORCE_COLOR' env being set.
(Use `node --trace-warnings ...` to show where the warning was created)


[392/576] [lw-desktop] › e2e\leavewar.spec.ts:173:5 › the callsign column stays put when the grid scrolls sideways
(node:45104) Warning: The 'NO_COLOR' env is ignored due to the 'FORCE_COLOR' env being set.
(Use `node --trace-warnings ...` to show where the warning was created)


[393/576] [lw-desktop] › e2e\leavewar.spec.ts:193:5 › the frozen overlay lines up with the rows it freezes
(node:52916) Warning: The 'NO_COLOR' env is ignored due to the 'FORCE_COLOR' env being set.
(Use `node --trace-warnings ...` to show where the warning was created)


[394/576] [lw-desktop] › e2e\leavewar.spec.ts:224:5 › the frozen overlay lines up with every row it freezes, top to bottom
(node:14156) Warning: The 'NO_COLOR' env is ignored due to the 'FORCE_COLOR' env being set.
(Use `node --trace-warnings ...` to show where the warning was created)


(node:41100) Warning: The 'NO_COLOR' env is ignored due to the 'FORCE_COLOR' env being set.
(Use `node --trace-warnings ...` to show where the warning was created)


[395/576] [lw-desktop] › e2e\leavewar.spec.ts:260:5 › the frozen overlay callsign opens the sheet once the year has scrolled
[396/576] [lw-desktop] › e2e\leavewar.spec.ts:273:5 › the frozen header re-measures its width when the screen rotates
(node:8636) Warning: The 'NO_COLOR' env is ignored due to the 'FORCE_COLOR' env being set.
(Use `node --trace-warnings ...` to show where the warning was created)


[397/576] [lw-desktop] › e2e\leavewar.spec.ts:299:5 › the grid has no vertical scroller of its own
[398/576] [lw-desktop] › e2e\leavewar.spec.ts:311:5 › the page is the one thing that scrolls vertically
[399/576] [lw-desktop] › e2e\leavewar.spec.ts:345:5 › the frozen column is opaque — day cells never show through it
[400/576] [lw-desktop] › e2e\leavewar.spec.ts:351:5 › the page itself never scrolls sideways — only the grid does
(node:48388) Warning: The 'NO_COLOR' env is ignored due to the 'FORCE_COLOR' env being set.
(Use `node --trace-warnings ...` to show where the warning was created)


[401/576] [lw-desktop] › e2e\leavewar.spec.ts:338:5 › the grid still owns the sideways scroll
[402/576] [lw-desktop] › e2e\leavewar.spec.ts:361:5 › the VIEWING AS chip stays inside the screen, its words whole, and the top row never scrolls sideways
[403/576] [lw-desktop] › e2e\leavewar.spec.ts:380:5 › a blocked day is painted amber on its header, and an ordinary day is not
[404/576] [lw-desktop] › e2e\leavewar.spec.ts:390:5 › a blocked day that falls on a weekend still paints amber, not grey
[405/576] [lw-desktop] › e2e\leavewar.spec.ts:408:5 › the half-day divider is painted on a half-day chip and absent on a whole-day chip
[406/576] [lw-desktop] › e2e\leavewar.spec.ts:431:5 › the matrix stays within a sane DOM size
[407/576] [lw-desktop] › e2e\leavewar.spec.ts:573:5 › a month button scrolls the grid to that month
[408/576] [lw-desktop] › e2e\leavewar.spec.ts:619:5 › a month button works from wherever the grid already is
[409/576] [lw-desktop] › e2e\leavewar.spec.ts:647:5 › the whole month strip is on screen at phone width
[410/576] [lw-desktop] › e2e\leavewar.spec.ts:664:5 › the four bid states read as three colours and one plain cell
[411/576] [lw-desktop] › e2e\leavewar.spec.ts:691:5 › a bid can be placed, and lands plain because nobody has answered it
[412/576] [lw-desktop] › e2e\leavewar.spec.ts:712:5 › a placed bid survives a reload — the war persists per browser
[413/576] [lw-desktop] › e2e\leavewar.spec.ts:739:5 › the grid offers no medical markers — for a member or an admin
[414/576] [lw-desktop] › e2e\leavewar.spec.ts:756:5 › tapping a counter cell opens that person's breakdown of the shown figure
[415/576] [lw-desktop] › e2e\leavewar.spec.ts:771:5 › the bid sheet is visible in full, not clipped by the grid scroller
[416/576] [lw-desktop] › e2e\leavewar.spec.ts:793:5 › opening the bid sheet never makes the page scroll sideways
[417/576] [lw-desktop] › e2e\leavewar.spec.ts:806:5 › a cell Raptor owns is the same green as an approved bid
[418/576] [lw-desktop] › e2e\leavewar.spec.ts:818:5 › the Raptor mark is painted, and an ordinary bid carries none
[419/576] [lw-desktop] › e2e\leavewar.spec.ts:843:5 › a cell Raptor owns offers no way to change it
[420/576] [lw-desktop] › e2e\leavewar.spec.ts:852:5 › closing the war locks the squadron out, and the admin account still edits
[421/576] [lw-desktop] › e2e\leavewar.spec.ts:868:5 › an admin moves a bid to another date, and it lands pending there
[422/576] [lw-desktop] › e2e\leavewar.spec.ts:924:5 › drag-selecting a row fills the leave across the whole span
[423/576] [lw-desktop] › e2e\leavewar.spec.ts:944:5 › a drag that would go below zero asks once, then writes on the same leave again
[424/576] [lw-desktop] › e2e\leavewar.spec.ts:964:5 › a member scoped to one person can input on that row only
[425/576] [lw-desktop] › e2e\leavewar.spec.ts:979:5 › a member scoped to one person drag-fills their own row only
[426/576] [lw-desktop] › e2e\leavewar.spec.ts:993:5 › a drag-selection offers Move, and the move banner appears on entering it
[427/576] [lw-desktop] › e2e\leavewar.spec.ts:1026:5 › a loose box moves the inputs present, first input landing on the clicked day
[428/576] [lw-desktop] › e2e\leavewar.spec.ts:1048:5 › right-click cancels a move on desktop
[429/576] [lw-desktop] › e2e\leavewar.spec.ts:1066:5 › dragging an event row opens the event sheet ranged to the span
[430/576] [lw-desktop] › e2e\leavewar.spec.ts:1154:5 › a drag-select parked at the counter column auto-scrolls the grid left
[431/576] [lw-desktop] › e2e\leavewar.spec.ts:1161:5 › with the figures drawer open the band starts at the DRAWER's edge
[432/576] [lw-desktop] › e2e\leavewar.spec.ts:1174:5 › a held finger dragged to the drawer's edge auto-scrolls the grid left
[433/576] [lw-desktop] › e2e\leavewar.spec.ts:1203:5 › the date header freezes on desktop when the page scrolls down
[434/576] [lw-desktop] › e2e\leavewar.spec.ts:1223:5 › the frozen bar is in step with the grid the moment it appears
[435/576] [lw-desktop] › e2e\leavewar.spec.ts:1269:5 › a column that widens while the dates are frozen re-measures the frozen bar
[436/576] [lw-desktop] › e2e\leavewar.spec.ts:1313:5 › the open-bidding outline moves with the rows when the manning Archive opens
[437/576] [lw-desktop] › e2e\leavewar.spec.ts:1342:5 › at published, a tap on an approved leave edits its note, and it sticks
[438/576] [lw-desktop] › e2e\leavewar.spec.ts:1371:5 › both frozen columns stay put when the grid scrolls sideways
[439/576] [lw-desktop] › e2e\leavewar.spec.ts:1385:5 › the two frozen columns sit flush — no gap, no overlap
[440/576] [lw-desktop] › e2e\leavewar.spec.ts:1403:5 › the balance column is opaque — day cells never show through it
[441/576] [lw-desktop] › e2e\leavewar.spec.ts:1460:5 › the counter column does not eat the grid on a phone
[442/576] [lw-desktop] › e2e\leavewar.spec.ts:1477:5 › the counter column changes every row at once
[443/576] [lw-desktop] › e2e\leavewar.spec.ts:1496:5 › a negative balance is painted red, and a positive one is not
[444/576] [lw-desktop] › e2e\leavewar.spec.ts:1516:5 › the date headers are square, the .day leak overridden
[445/576] [lw-desktop] › e2e\leavewar.spec.ts:1526:5 › the figure picker doubles as the legend, every figure spelled out
[446/576] [lw-desktop] › e2e\leavewar.spec.ts:1543:5 › the figures reorder, and Reset restores the default order
[447/576] [lw-desktop] › e2e\leavewar.spec.ts:1575:5 › the drawer opens closed on a phone and open on a desktop
[448/576] [lw-desktop] › e2e\leavewar.spec.ts:1588:5 › the drawer sits beside the names, its rows level with the days, and closing restores the header
[449/576] [lw-desktop] › e2e\leavewar.spec.ts:1642:5 › a drawer box opens that person's breakdown of that figure; a title says what it counts
[450/576] [lw-desktop] › e2e\leavewar.spec.ts:1665:5 › the stuck header carries the drawer titles, the switch and the month once the roster has scrolled
[451/576] [lw-desktop] › e2e\leavewar.spec.ts:1719:5 › the corner switch fills its cell — the whole corner is the tap target
[452/576] [lw-desktop] › e2e\leavewar.spec.ts:1736:5 › the corner covers the month rail all the way to the drawer's edge
[453/576] [lw-desktop] › e2e\leavewar.spec.ts:1762:5 › a month jump lands the month clear of the drawer, not under it
[454/576] [lw-desktop] › e2e\leavewar.spec.ts:1783:5 › a day beside the open drawer still takes a tap
[455/576] [lw-desktop] › e2e\leavewar.spec.ts:1815:5 › the month strip reads from the drawer's edge, not the closed column's
[456/576] [lw-desktop] › e2e\leavewar.spec.ts:1888:5 › the month strip follows the drawer WIDENING while it is already out
[457/576] [lw-desktop] › e2e\leavewar.spec.ts:1939:5 › the column follows the leave just entered to the balance it comes off
[458/576] [lw-desktop] › e2e\leavewar.spec.ts:1950:5 › the box whose number changed flashes, once
[459/576] [lw-desktop] › e2e\leavewar.spec.ts:1965:5 › an admin hides a figure and the drawer loses that column; a member has no eye
[460/576] [lw-desktop] › e2e\leavewar.spec.ts:1979:5 › the Legend pop-out carries the figures key, and fits the screen
[461/576] [lw-desktop] › e2e\leavewar.spec.ts:2043:5 › a drag down a drawer column lights the run, on that pool only
[462/576] [lw-desktop] › e2e\leavewar.spec.ts:2061:5 › a drag on a total, or by a member, lights nothing
[463/576] [lw-desktop] › e2e\leavewar.spec.ts:2092:5 › the band lets a press through to the drawer once the grid has scrolled
[464/576] [lw-desktop] › e2e\leavewar.spec.ts:2121:5 › a finger's hold-and-drag down the drawer lights the run and does not scroll the page
[465/576] [lw-desktop] › e2e\leavewar.spec.ts:2183:5 › the bar takes one number for the run, the boxes flash, and one Undo takes it all back
[466/576] [lw-desktop] › e2e\leavewar.spec.ts:2226:5 › -1.5 subtracts; 0, abc and 1.25 are refused and the run stays
[467/576] [lw-desktop] › e2e\leavewar.spec.ts:2257:5 › OIL from the grid is the tracker's own credit
[468/576] [lw-desktop] › e2e\leavewar.spec.ts:2282:5 › a tap outside clears the bar, the drawer toggle clears it, and a sideways scroll does not
[469/576] [lw-desktop] › e2e\leavewar.spec.ts:2324:5 › a member never sees the bar
[470/576] [lw-desktop] › e2e\leavewar.spec.ts:2333:5 › on a phone the bar comes up whole, clear of the bottom edge
[471/576] [lw-desktop] › e2e\leavewar.spec.ts:2370:5 › a scrolled sheet keeps its header and its close button
[472/576] [lw-desktop] › e2e\leavewar.spec.ts:2395:5 › the page scrolls behind an open sheet, and the panel stays put
[473/576] [lw-desktop] › e2e\leavewar.spec.ts:2438:5 › a finger behind an open sheet scrolls the grid itself; a tap on a cell closes the sheet and opens nothing
[474/576] [lw-desktop] › e2e\leavewar.spec.ts:2539:5 › on a desktop the scrim stays in the way of the mouse
[475/576] [lw-desktop] › e2e\leavewar.spec.ts:2554:5 › the viewer's row is lit and the title sheet answers with their numbers
[476/576] [lw-desktop] › e2e\leavewar.spec.ts:2597:5 › nothing in the callsign column is cut off
[477/576] [lw-desktop] › e2e\leavewar.spec.ts:2616:5 › the counter controls sit on one row, in order, OIL right after rearrange, zoom after OIL
[478/576] [lw-desktop] › e2e\leavewar.spec.ts:2640:5 › a member counter bar is Manning then OIL, adjacent, one row
[479/576] [lw-desktop] › e2e\leavewar.spec.ts:2658:5 › in Rearrange the counter grip is left of the name and nothing clips
[480/576] [lw-desktop] › e2e\leavewar.spec.ts:2678:5 › in Rearrange the name column grows by the grip: callsigns keep their width, the frozen pair stays joined
[481/576] [lw-desktop] › e2e\leavewar.spec.ts:2708:5 › switching leave war repaints the grid and keeps the balance
[482/576] [lw-desktop] › e2e\leavewar.spec.ts:2733:5 › the new-leave-war sheet is anchored to the viewport, not the topbar
[483/576] [lw-desktop] › e2e\leavewar.spec.ts:2759:5 › an admin creates a leave war, and it joins the picker
[484/576] [lw-desktop] › e2e\leavewar.spec.ts:2772:5 › overlapping dates are refused, with the reason on screen
[485/576] [lw-desktop] › e2e\leavewar.spec.ts:2788:5 › a locked column is visibly dimmer than an open one, and still readable
[486/576] [lw-desktop] › e2e\leavewar.spec.ts:2808:5 › an admin sees no lock, because the window does not bind them
[487/576] [lw-desktop] › e2e\leavewar.spec.ts:2819:5 › the range calendar paints the span between the two taps
[488/576] [lw-desktop] › e2e\leavewar.spec.ts:2847:5 › every control in the range calendar is a real tap target
[489/576] [lw-desktop] › e2e\leavewar.spec.ts:2862:5 › the bidding-window sheet is anchored to the viewport, not clipped
[490/576] [lw-desktop] › e2e\leavewar.spec.ts:2880:5 › a posted-out cell is hatched, and an ordinary cell is not
[491/576] [lw-desktop] › e2e\leavewar.spec.ts:2900:5 › OFF is not offered as a leave to bid
[492/576] [lw-desktop] › e2e\leavewar.spec.ts:2910:5 › the topbar scrolls away instead of holding the top of the screen
[493/576] [lw-desktop] › e2e\leavewar.spec.ts:2936:5 › the chrome above the grid is a fraction of the screen, not most of it
[494/576] [lw-desktop] › e2e\leavewar.spec.ts:2947:5 › the date header stays put while the topbar goes
[495/576] [lw-desktop] › e2e\leavewar.spec.ts:2960:5 › the grid gets most of the screen on a phone once the chrome is scrolled away
[496/576] [lw-desktop] › e2e\leavewar.spec.ts:2976:5 › every date column names its weekday
[497/576] [lw-desktop] › e2e\leavewar.spec.ts:2990:5 › the counter control is a real tap target on a phone
[498/576] [lw-desktop] › e2e\leavewar.spec.ts:3015:5 › the counter sheet changes the column, and every row with it
[499/576] [lw-desktop] › e2e\leavewar.spec.ts:3037:5 › swiping across the counter column cycles it
[500/576] [lw-desktop] › e2e\leavewar.spec.ts:3057:5 › a small or vertical drag on the counter column changes nothing
[501/576] [lw-desktop] › e2e\leavewar.spec.ts:3070:5 › swiping the day columns leaves the counter alone
[502/576] [lw-desktop] › e2e\leavewar.spec.ts:3091:5 › an admin reaches no Edit person from the name sheet
[503/576] [lw-desktop] › e2e\leavewar.spec.ts:3104:5 › the callsign, its CAT chip and a personnel label all fit the phone column
[504/576] [lw-desktop] › e2e\leavewar.spec.ts:3120:5 › an event widens its day, then wraps and grows only its own rows
[505/576] [lw-desktop] › e2e\leavewar.spec.ts:3163:5 › a member reads the events and cannot type into them
[506/576] [lw-desktop] › e2e\leavewar.spec.ts:3171:5 › an off day is green, a no-leave day orange, and a work word red
[507/576] [lw-desktop] › e2e\leavewar.spec.ts:3211:5 › the counter picker is a contained, squared control
[508/576] [lw-desktop] › e2e\leavewar.spec.ts:3222:5 › the period picker says what it is
[509/576] [lw-desktop] › e2e\leavewar.spec.ts:3234:5 › the tinted chips are not ink in their own background hue
[510/576] [lw-desktop] › e2e\leavewar.spec.ts:3255:5 › the picker options are neutral, not the chip green
[511/576] [lw-desktop] › e2e\leavewar.spec.ts:3275:5 › the under-manned chip reads 0 days on the projected roster, and is disabled
[512/576] [lw-desktop] › e2e\leavewar.spec.ts:3325:5 › the under-manned chip opens the days that caused it
[513/576] [lw-desktop] › e2e\leavewar.spec.ts:3338:5 › choosing a day jumps the grid to it, clear of the frozen columns
[514/576] [lw-desktop] › e2e\leavewar.spec.ts:3364:5 › the jumped-to day is visibly marked
[515/576] [lw-desktop] › e2e\leavewar.spec.ts:3378:5 › the under-manned list stays on screen and its rows are reachable
[516/576] [lw-desktop] › e2e\leavewar.spec.ts:3401:5 › the strip lights the month the grid is showing, and only one
[517/576] [lw-desktop] › e2e\leavewar.spec.ts:3405:5 › the lit month follows a real scroll
[518/576] [lw-desktop] › e2e\leavewar.spec.ts:3455:5 › every month in the strip can be reached and lights itself
[519/576] [lw-desktop] › e2e\leavewar.spec.ts:3479:5 › the lit month is painted, not merely classed
[520/576] [lw-desktop] › e2e\leavewar.spec.ts:3493:5 › scrolling the year stays responsive with the readout attached
[521/576] [lw-desktop] › e2e\leavewar.spec.ts:3511:5 › an admin can reopen bidding after closing it
[522/576] [lw-desktop] › e2e\leavewar.spec.ts:3524:5 › a member is offered no way back
[523/576] [lw-desktop] › e2e\leavewar.spec.ts:3535:5 › a decision made before the reopen survives it
[524/576] [lw-desktop] › e2e\leavewar.spec.ts:3554:5 › the page carries no second squadron mark — the shell is the only identity
[525/576] [lw-desktop] › e2e\leavewar.spec.ts:3559:5 › the roster is grouped SXO → IP → OPS P → IWSO → OPS W → OCU → Personnel
[526/576] [lw-desktop] › e2e\leavewar.spec.ts:3565:5 › every callsign wears its CAT colour, reused from the Quals palette
[527/576] [lw-desktop] › e2e\leavewar.spec.ts:3572:5 › CAT sub-headings split the ops groups on desktop and fold away on a phone
[528/576] [lw-desktop] › e2e\leavewar.spec.ts:3578:5 › an admin hand-drags the roster from the ⇅ toggle, which is also the way out; a member gets no tool
[529/576] [lw-desktop] › e2e\leavewar.spec.ts:3648:5 › a picked-up row wears one frame the width of the visible grid, and the row it lands on flashes once
[530/576] [lw-desktop] › e2e\leavewar.spec.ts:3734:5 › a personnel row shows its callsign, with no edit box, in Rearrange
[531/576] [lw-desktop] › e2e\leavewar.spec.ts:3751:5 › the grid reads counts, months, header, events, roster — top to bottom
[532/576] [lw-desktop] › e2e\leavewar.spec.ts:3765:5 › every month wears a bracket spanning exactly its days
[533/576] [lw-desktop] › e2e\leavewar.spec.ts:3780:5 › the month strip fits its wrapped rows and clears the bracket bar below
[534/576] [lw-desktop] › e2e\leavewar.spec.ts:3790:5 › a member can collapse and reopen the manning counts
[535/576] [lw-desktop] › e2e\leavewar.spec.ts:3799:5 › the blocked exercise week prints its reason across the event row
[536/576] [lw-desktop] › e2e\leavewar.spec.ts:3829:5 › on a phone the header freezes under the top bar and thaws on the way back
[537/576] [lw-desktop] › e2e\leavewar.spec.ts:3906:5 › the zoom steps the whole grid down and back, on both widths
[538/576] [lw-desktop] › e2e\leavewar.spec.ts:3921:5 › the zoom control is in the top row on both widths; a phone opens one step out
[539/576] [lw-desktop] › e2e\leavewar.spec.ts:3931:5 › the OIL tracker has its own − / + beside RANGE, on one row; a phone opens it one step out
[540/576] [lw-desktop] › e2e\leavewar.spec.ts:4009:5 › every label and reason on an OIL credit box reads in full, at every zoom step
[541/576] [lw-desktop] › e2e\leavewar.spec.ts:4067:5 › the month strip is one line of twelve, inside the viewport
[542/576] [lw-desktop] › e2e\leavewar.spec.ts:4083:5 › tagging a typed event colours the day without minting a type
[543/576] [lw-desktop] › e2e\leavewar.spec.ts:4107:5 › posting out tags the last day, and the row leaves the months after it
[544/576] [lw-desktop] › e2e\leavewar.spec.ts:4142:5 › a seeded posting-out hides its row in later months too
[545/576] [lw-desktop] › e2e\leavewar.spec.ts:4158:5 › the roster does not reflow mid-scroll, only once the scroll settles
[546/576] [lw-desktop] › e2e\leavewar.spec.ts:4183:5 › an admin builds a counter in the form, and the new row counts
[547/576] [lw-desktop] › e2e\leavewar.spec.ts:4209:5 › deleting a counter takes its row off the grid
[548/576] [lw-desktop] › e2e\leavewar.spec.ts:4227:5 › every admin control is reachable within the viewport
[549/576] [lw-desktop] › e2e\leavewar.spec.ts:4266:5 › undo/redo drive a real grid edit: fill, clear, restore
[550/576] [lw-desktop] › e2e\leavewar.spec.ts:4298:6 › undo fired in MOVE mode does not corrupt: the grid stays usable
[551/576] [lw-desktop] › e2e\leavewar.spec.ts:4318:5 › the select sheet still works, and undo acts on the committed edit
[552/576] [lw-desktop] › e2e\leavewar.spec.ts:4334:6 › rapid undo/redo settle to a consistent grid
[553/576] [lw-desktop] › e2e\leavewar.spec.ts:4368:5 › a tab switch keeps the grid alive: the same node returns, shrinks-and-rebuilds on desktop, measurements still live
[554/576] [lw-desktop] › e2e\leavewar.spec.ts:4414:5 › a glowing green box frames the open-bidding window and clears when bidding closes
[555/576] [lw-desktop] › e2e\leavewar.spec.ts:4456:5 › the open-bidding box keeps its left edge on 1 Jan through Rearrange
[556/576] [lw-desktop] › e2e\leavewar.spec.ts:4492:5 › the grid draws a window of months over year-wide placeholders, keeps every row aligned, and draws in place
[557/576] [lw-desktop] › e2e\leavewar.spec.ts:4594:5 › the bottom scrollbar is a year-wide scrubber; the desktop grid fills the whole year and the bar then slides it
[558/576] [lw-desktop] › e2e\leavewar.spec.ts:4677:5 › the bottom scrollbar shows the grid's place the moment it appears
[559/576] [lw-desktop] › e2e\leavewar.spec.ts:4711:5 › a post-out dated in July keeps his July row, after the war was first shown on a later month
[560/576] [lw-desktop] › e2e\step4-leavewar.spec.ts:238:5 › approve a 5-day bid, delete its middle day, undo, redo
[561/576] [lw-desktop] › e2e\step4-leavewar.spec.ts:274:5 › an admin files leave on the Inputs page over a pending bid: bid gone, amber !, OK seen clears it
[562/576] [lw-desktop] › e2e\step4-leavewar.spec.ts:314:5 › the member files leave over their own bid: bid gone, a message, no notice left on the war
[563/576] [lw-desktop] › e2e\step4-leavewar.spec.ts:334:5 › LL 14–18 Jul, then ATT C 16–17 Jul on the Inputs page: the leave is cut, +2 back, undo restores
[564/576] [lw-desktop] › e2e\step4-leavewar.spec.ts:368:5 › a morning ATT C over a full-day LL leaves the afternoon as LL
[565/576] [lw-desktop] › e2e\step4-leavewar.spec.ts:387:5 › two leaves on the same time are refused with a message naming the first
[566/576] [lw-desktop] › e2e\step4-leavewar.spec.ts:399:5 › two leaves in one morning at times that do not overlap: allowed, half a day charged once, off the longer one
[567/576] [lw-desktop] › e2e\step4-leavewar.spec.ts:420:5 › leave during a course: the leave shows with +1 and is deducted
[568/576] [lw-desktop] › e2e\step4-leavewar.spec.ts:435:5 › clearing leave after a posting-out: LL with the PO tag, charged, never counted in manning
[569/576] [lw-desktop] › e2e\step4-leavewar.spec.ts:454:5 › move an approved leave after bidding closes: dotted moved mark, undo, redo
[570/576] [lw-desktop] › e2e\step4-leavewar.spec.ts:497:5 › publishing a weekend day KEEPS a pending bid for someone working it and flags the day
[571/576] [lw-desktop] › e2e\step4-leavewar.spec.ts:543:5 › the tap list: approve one half, refuse the other, un-approve back to a bid — each undoable
[572/576] [lw-desktop] › e2e\step4-leavewar.spec.ts:581:5 › tap-list permissions: a member gets no decisions, clears only their own bid, and "OK, seen" only on their own notice
[573/576] [lw-desktop] › e2e\step4-leavewar.spec.ts:622:5 › a reload (not ?fresh) keeps every filed leave, cut, notice and post-out — nothing lost or doubled
[574/576] [lw-desktop] › e2e\step4-leavewar.spec.ts:674:5 › phone and desktop: the tap list fits, the page never scrolls sideways, no console errors
[575/576] [lw-desktop] › e2e\step4-leavewar.spec.ts:709:5 › BUG: the balance column drops as soon as leave is filed on the Inputs page
[576/576] [lw-desktop] › e2e\step4-leavewar.spec.ts:727:5 › BUG: an overnight leave does not block a medical the next morning — the medical cuts the tail
  49 skipped
  527 passed (3.4m)
