
> raptor-port@0.0.0 build
> tsc -b && vite build

(!) Your Vite config uses features that are unsupported by `configLoader: 'native'`, which is planned to become the default in a future major version of Vite:
  - ESM syntax in a file loaded as CommonJS (vite.config.ts:2:1). Use a `.mjs` extension or set `"type": "module"` in the closest package.json
Set `VITE_CONFIG_NATIVE_IGNORE_WARNING=true` to suppress this warning.
vite v8.2.0 building client environment for production...
[2Ktransforming...✓ 301 modules transformed.
rendering chunks...
computing gzip size...
dist/index.html                          3.02 kB │ gzip:   1.34 kB
dist/assets/idle-BfPG9c67.css            3.44 kB │ gzip:   1.11 kB
dist/assets/TrackerPage-RlgGU7Bu.css    32.01 kB │ gzip:   6.59 kB
dist/assets/LeaveWarPage-C7jiJ1U2.css   76.18 kB │ gzip:  13.14 kB
dist/assets/index-CXdqUrrO.css         218.74 kB │ gzip:  40.10 kB
dist/assets/undo-DPMBoZSA.js             0.03 kB │ gzip:   0.05 kB
dist/assets/idle-uKU43X6z.js             0.43 kB │ gzip:   0.27 kB
dist/assets/weeknav-DEdR3eQ_.js          0.90 kB │ gzip:   0.49 kB
dist/assets/jsx-runtime-B-hcVAMW.js      8.55 kB │ gzip:   3.26 kB
dist/assets/oilmode-CqbsTo16.js         12.30 kB │ gzip:   4.73 kB
dist/assets/wavetpl-DeZHH-ii.js         14.29 kB │ gzip:   5.82 kB
dist/assets/html-DvP4ZE4p.js            58.06 kB │ gzip:  20.98 kB
dist/assets/inputedit-DgwrjY5a.js       90.15 kB │ gzip:  29.82 kB
dist/assets/store-Dhw1hb2v.js          146.82 kB │ gzip:  49.50 kB
dist/assets/LeaveWarPage-z5-AAJbu.js   195.26 kB │ gzip:  56.03 kB
dist/assets/sched-commit-DkN8S9q8.js   318.29 kB │ gzip: 105.23 kB
dist/assets/TrackerPage-BwJaeqhR.js    413.18 kB │ gzip: 100.34 kB
dist/assets/index-D9vjwfCC.js          624.34 kB │ gzip: 199.29 kB

[33m[INEFFECTIVE_DYNAMIC_IMPORT] [0msrc/ui/pan.ts is dynamically imported by src/probe-bridge.ts but also statically imported by src/ui/EditWeek.tsx, src/ui/GuestApp.tsx, src/ui/Shell.tsx, src/ui/ViewWeek.tsx, src/ui/highlights.ts, ..., dynamic import will not move module into another chunk.

[plugin builtin:vite-reporter] 
(!) Some chunks are larger than 500 kB after minification. Consider:
- Using dynamic import() to code-split the application
- Use build.rolldownOptions.output.codeSplitting to improve chunking: https://rolldown.rs/reference/OutputOptions.codeSplitting
- Adjust chunk size limit for this warning via build.chunkSizeWarningLimit.
[33m[INEFFECTIVE_DYNAMIC_IMPORT] [0msrc/ui/drag.ts is dynamically imported by src/probe-bridge.ts but also statically imported by src/ui/Shell.tsx, src/ui/board.ts, dynamic import will not move module into another chunk.

[33m[INEFFECTIVE_DYNAMIC_IMPORT] [0msrc/ui/board-html.ts is dynamically imported by src/probe-bridge.ts but also statically imported by src/ui/board.ts, dynamic import will not move module into another chunk.

[33m[INEFFECTIVE_DYNAMIC_IMPORT] [0msrc/ui/board.ts is dynamically imported by src/probe-bridge.ts but also statically imported by src/state/undo-wire.ts, src/ui/DraftsModal.tsx, src/ui/SchedBoard.tsx, src/ui/WeekCal.tsx, src/ui/interactions.ts, dynamic import will not move module into another chunk.

[33m[INEFFECTIVE_DYNAMIC_IMPORT] [0msrc/ui/palette-html.ts is dynamically imported by src/probe-bridge.ts but also statically imported by src/ui/EditWeek.tsx, src/ui/SchedBoard.tsx, dynamic import will not move module into another chunk.

✓ built in 510ms
