
> raptor-port@0.0.0 perf
> node probes/perf-port.cjs

   trial 1/3  oneEdit 131/217.5 · noop 46.2/88.9 · board 210.9/299.1 · noopB 61.8/112.3   (ref/port ms)
   trial 2/3  oneEdit 133.7/195.2 · noop 42.4/82.1 · board 215.9/294.3 · noopB 59.5/107   (ref/port ms)
   trial 3/3  oneEdit 130.5/186.4 · noop 42/81.1 · board 218/300.6 · noopB 58.6/109.4   (ref/port ms)

   4x phone, painted cost    reference     port   ratio  per node  (median of 3 trials)
   oneEdit                     130.5ms  186.4ms  1.46×    1.19×   [1.43 1.46 1.66]
   noop                           42ms   81.1ms  1.93×    1.57×   [1.92 1.93 1.94]
   board                       210.9ms  294.3ms  1.38×    0.53×   [1.36 1.38 1.42]
   noopB                        58.6ms    107ms  1.82×    0.70×   [1.80 1.82 1.87]
   week DOM                     4173n   5131n  1.23× the nodes, 1.32× the markup
   board DOM                     393n   1018n  2.59× the nodes, 3.07× the markup
 ok   perf · the week stays under its recorded DOM ceiling (5450) want yes · got yes
 ok   perf · the board stays under its recorded DOM ceiling (1150) want yes · got yes
 ok   B · a day-1 edit rewrites only day 1, the day its crew rest traces to, and the days of the edited man's run trace want held · got held
   scrollLeft across an edit: 400 → 400
 ok   D · the week does not jump back to Monday on an edit       want held · got held
   a field open while another panel changes: no field (informational — matches the reference)

4 passed · 0 failed
perf-port done
